------------------------------------------------------------
Timing Analyzer Summary
------------------------------------------------------------

Type  : Slow 1100mV 85C Model Setup 'clock'
Slack : -5.186
TNS   : -113.302

Type  : Slow 1100mV 85C Model Setup 'clk_div_dot_matrix:div_clk|clk_div_dot_matrix'
Slack : -1.750
TNS   : -25.271

Type  : Slow 1100mV 85C Model Hold 'clock'
Slack : 0.438
TNS   : 0.000

Type  : Slow 1100mV 85C Model Hold 'clk_div_dot_matrix:div_clk|clk_div_dot_matrix'
Slack : 0.778
TNS   : 0.000

Type  : Slow 1100mV 85C Model Minimum Pulse Width 'clock'
Slack : -0.538
TNS   : -25.668

Type  : Slow 1100mV 85C Model Minimum Pulse Width 'clk_div_dot_matrix:div_clk|clk_div_dot_matrix'
Slack : -0.538
TNS   : -15.636

Type  : Slow 1100mV 85C Model Minimum Pulse Width 'checkButt'
Slack : -0.538
TNS   : -0.788

Type  : Slow 1100mV 0C Model Setup 'clock'
Slack : -5.334
TNS   : -112.667

Type  : Slow 1100mV 0C Model Setup 'clk_div_dot_matrix:div_clk|clk_div_dot_matrix'
Slack : -1.823
TNS   : -25.571

Type  : Slow 1100mV 0C Model Hold 'clock'
Slack : 0.161
TNS   : 0.000

Type  : Slow 1100mV 0C Model Hold 'clk_div_dot_matrix:div_clk|clk_div_dot_matrix'
Slack : 0.780
TNS   : 0.000

Type  : Slow 1100mV 0C Model Minimum Pulse Width 'clock'
Slack : -0.538
TNS   : -26.452

Type  : Slow 1100mV 0C Model Minimum Pulse Width 'clk_div_dot_matrix:div_clk|clk_div_dot_matrix'
Slack : -0.538
TNS   : -15.585

Type  : Slow 1100mV 0C Model Minimum Pulse Width 'checkButt'
Slack : -0.538
TNS   : -0.794

Type  : Fast 1100mV 85C Model Setup 'clock'
Slack : -2.734
TNS   : -43.503

Type  : Fast 1100mV 85C Model Setup 'clk_div_dot_matrix:div_clk|clk_div_dot_matrix'
Slack : -0.623
TNS   : -8.581

Type  : Fast 1100mV 85C Model Hold 'clock'
Slack : 0.201
TNS   : 0.000

Type  : Fast 1100mV 85C Model Hold 'clk_div_dot_matrix:div_clk|clk_div_dot_matrix'
Slack : 0.304
TNS   : 0.000

Type  : Fast 1100mV 85C Model Minimum Pulse Width 'clock'
Slack : -0.528
TNS   : -3.733

Type  : Fast 1100mV 85C Model Minimum Pulse Width 'checkButt'
Slack : -0.252
TNS   : -0.252

Type  : Fast 1100mV 85C Model Minimum Pulse Width 'clk_div_dot_matrix:div_clk|clk_div_dot_matrix'
Slack : 0.045
TNS   : 0.000

Type  : Fast 1100mV 0C Model Setup 'clock'
Slack : -2.453
TNS   : -37.180

Type  : Fast 1100mV 0C Model Setup 'clk_div_dot_matrix:div_clk|clk_div_dot_matrix'
Slack : -0.507
TNS   : -6.881

Type  : Fast 1100mV 0C Model Hold 'clock'
Slack : 0.023
TNS   : 0.000

Type  : Fast 1100mV 0C Model Hold 'clk_div_dot_matrix:div_clk|clk_div_dot_matrix'
Slack : 0.276
TNS   : 0.000

Type  : Fast 1100mV 0C Model Minimum Pulse Width 'clock'
Slack : -0.497
TNS   : -3.662

Type  : Fast 1100mV 0C Model Minimum Pulse Width 'checkButt'
Slack : -0.267
TNS   : -0.267

Type  : Fast 1100mV 0C Model Minimum Pulse Width 'clk_div_dot_matrix:div_clk|clk_div_dot_matrix'
Slack : 0.055
TNS   : 0.000

------------------------------------------------------------
